// Jest Snapshot v1, https://goo.gl/fbAQLP

exports[`HeaderNav should render code component 1`] = `null`;
