// Jest Snapshot v1, https://goo.gl/fbAQLP

exports[`Content should match snapshot 1`] = `
.c0 {
  padding: 0 20px;
  width: 100%;
}

<div
  className="c0"
/>
`;
