// Jest Snapshot v1, https://goo.gl/fbAQLP

exports[`Hint should match snapshot 1`] = `
.c0 {
  background-color: #fffacd;
  border: 1px solid #ffe4b5;
  padding: 10px 20px;
  margin: 30px 0;
}

<div
  className="c0"
/>
`;
