// Jest Snapshot v1, https://goo.gl/fbAQLP

exports[`InlineCode should match snapshot 1`] = `
<code
  id="codes"
  style={
    Object {
      "color": "purple",
    }
  }
/>
`;
