// Jest Snapshot v1, https://goo.gl/fbAQLP

exports[`Pre should match snapshot 1`] = `
<pre
  id="codes"
/>
`;
