// Jest Snapshot v1, https://goo.gl/fbAQLP

exports[`constants noop should not change 1`] = `undefined`;
